../Core/Src/main.c:101:6:kuwahara_filter	22
../Core/Src/main.c:217:13:uart_send_str	2
../Core/Src/main.c:227:12:uart_wait_token	5
../Core/Src/main.c:258:5:receive_line_uart	10
../Core/Src/main.c:657:6:kuwahara_filter_buffered	36
../Core/Src/main.c:813:5:main	8
../Core/Src/main.c:940:6:SystemClock_Config	3
../Core/Src/main.c:979:13:MX_TIM16_Init	2
../Core/Src/main.c:1011:13:MX_USART2_UART_Init	2
../Core/Src/main.c:1046:13:MX_GPIO_Init	1
../Core/Src/main.c:1085:5:__io_putchar	1
../Core/Src/main.c:1102:6:Error_Handler	1
