../Core/Src/main.c:101:6:kuwahara_filter	232	static
../Core/Src/main.c:217:13:uart_send_str	24	static
../Core/Src/main.c:227:12:uart_wait_token	40	static
../Core/Src/main.c:258:5:receive_line_uart	40	static
../Core/Src/main.c:657:6:kuwahara_filter_buffered	304	static
../Core/Src/main.c:813:5:main	40	static
../Core/Src/main.c:940:6:SystemClock_Config	80	static
../Core/Src/main.c:979:13:MX_TIM16_Init	8	static
../Core/Src/main.c:1011:13:MX_USART2_UART_Init	8	static
../Core/Src/main.c:1046:13:MX_GPIO_Init	48	static
../Core/Src/main.c:1085:5:__io_putchar	24	static
../Core/Src/main.c:1102:6:Error_Handler	8	static,ignoring_inline_asm
